other thing
